
> fluxdeluxe@2.0.0 test
> vitest run


 RUN  v4.1.4 c:/Users/Caleb/Documents/Axioforce/FluxDeluxe

 ❯ electron/liveTestQueue.test.ts (0 test)
 ❯ electron/liveTestRepo.test.ts (0 test)
 ❯ src/__tests__/plate3d/plateModelCache.test.ts (0 test)
 ❯ src/__tests__/liveDataStore.test.ts (0 test)
 ❯ src/__tests__/frameParser.test.ts (0 test)
 ❯ src/__tests__/uiStore.test.ts (0 test)
 ❯ src/lib/liveTestAggregates.test.ts (0 test)
 ❯ src/lib/liveTestPayload.test.ts (0 test)
 ❯ src/__tests__/plateGeometry.test.ts (0 test)
 ❯ src/__tests__/controlPanelHelpers.test.ts (0 test)
 ❯ src/__tests__/plate3d/cellRaycaster.test.ts (0 test)
 ❯ src/__tests__/deviceStore.test.ts (0 test)
 ❯ src/__tests__/sessionStore.test.ts (0 test)
 ❯ src/__tests__/plate3d/cameraController.test.ts (0 test)
 ❯ src/__tests__/plate3d/cellOverlay.test.ts (0 test)
 ❯ src/lib/measurementEngine.test.ts (0 test)

⎯⎯⎯⎯⎯⎯ Failed Suites 16 ⎯⎯⎯⎯⎯⎯

 FAIL  electron/liveTestQueue.test.ts [ electron/liveTestQueue.test.ts ]
TypeError: Cannot read properties of undefined (reading 'config')
 ❯ electron/liveTestQueue.test.ts:10:1
      8| const makeTmp = () => mkdtempSync(join(tmpdir(), 'lt-queue-'))
      9|
     10| describe('LiveTestQueue', () => {
       | ^
     11|   let dir: string
     12|   beforeEach(() => { dir = makeTmp() })

⎯⎯⎯⎯⎯⎯⎯⎯⎯⎯⎯⎯⎯⎯⎯⎯⎯⎯⎯⎯⎯⎯⎯[1/16]⎯

 FAIL  electron/liveTestRepo.test.ts [ electron/liveTestRepo.test.ts ]
TypeError: Cannot read properties of undefined (reading 'config')
 ❯ electron/liveTestRepo.test.ts:24:1
     22| }
     23|
     24| describe('LiveTestRepo (mocked client)', () => {
       | ^
     25|   it('saveSession calls the save_live_session RPC with the payload', a…
     26|     const rpc = vi.fn().mockResolvedValue({ data: 'test-id', error: nu…

⎯⎯⎯⎯⎯⎯⎯⎯⎯⎯⎯⎯⎯⎯⎯⎯⎯⎯⎯⎯⎯⎯⎯[2/16]⎯

 FAIL  src/lib/liveTestAggregates.test.ts [ src/lib/liveTestAggregates.test.ts ]
TypeError: Cannot read properties of undefined (reading 'config')
 ❯ src/lib/liveTestAggregates.test.ts:15:1
     13| }
     14|
     15| describe('computeStageTypeAggregates', () => {
       | ^
     16|   it('returns 3 rows — one per stage_type — even when empty', () => {
     17|     const result = computeStageTypeAggregates([], new Map([

⎯⎯⎯⎯⎯⎯⎯⎯⎯⎯⎯⎯⎯⎯⎯⎯⎯⎯⎯⎯⎯⎯⎯[3/16]⎯

 FAIL  src/lib/liveTestPayload.test.ts [ src/lib/liveTestPayload.test.ts ]
TypeError: Cannot read properties of undefined (reading 'config')
 ❯ src/lib/liveTestPayload.test.ts:33:1
     31| ]
     32|
     33| describe('buildSessionPayload', () => {
       | ^
     34|   it('produces a valid payload with all required fields', () => {
     35|     const measurements = new Map<string, CellMeasurement>()

⎯⎯⎯⎯⎯⎯⎯⎯⎯⎯⎯⎯⎯⎯⎯⎯⎯⎯⎯⎯⎯⎯⎯[4/16]⎯

 FAIL  src/lib/measurementEngine.test.ts [ src/lib/measurementEngine.test.ts ]
TypeError: Cannot read properties of undefined (reading 'config')
 ❯ src/lib/measurementEngine.test.ts:17:1
     15| }
     16|
     17| describe('MeasurementEngine signedErrorN', () => {
       | ^
     18|   it('records signed_error_n as (meanFz - target), preserving directio…
     19|     const engine = new MeasurementEngine()

⎯⎯⎯⎯⎯⎯⎯⎯⎯⎯⎯⎯⎯⎯⎯⎯⎯⎯⎯⎯⎯⎯⎯[5/16]⎯

 FAIL  src/__tests__/controlPanelHelpers.test.ts [ src/__tests__/controlPanelHelpers.test.ts ]
TypeError: Cannot read properties of undefined (reading 'config')
 ❯ src/__tests__/controlPanelHelpers.test.ts:24:1
     22| }
     23|
     24| describe('rowForPhase', () => {
       | ^
     25|   it('maps IDLE to meta', () => { expect(rowForPhase('IDLE')).toBe('me…
     26|   it('maps WARMUP to warmup', () => { expect(rowForPhase('WARMUP')).to…

⎯⎯⎯⎯⎯⎯⎯⎯⎯⎯⎯⎯⎯⎯⎯⎯⎯⎯⎯⎯⎯⎯⎯[6/16]⎯

 FAIL  src/__tests__/deviceStore.test.ts [ src/__tests__/deviceStore.test.ts ]
TypeError: Cannot read properties of undefined (reading 'config')
 ❯ src/__tests__/deviceStore.test.ts:4:1
      2| import { useDeviceStore } from '../stores/deviceStore'
      3|
      4| describe('deviceStore', () => {
       | ^
      5|   beforeEach(() => {
      6|     useDeviceStore.setState({

⎯⎯⎯⎯⎯⎯⎯⎯⎯⎯⎯⎯⎯⎯⎯⎯⎯⎯⎯⎯⎯⎯⎯[7/16]⎯

 FAIL  src/__tests__/frameParser.test.ts [ src/__tests__/frameParser.test.ts ]
TypeError: Cannot read properties of undefined (reading 'config')
 ❯ src/__tests__/frameParser.test.ts:4:1
      2| import { extractDeviceFrames } from '../lib/frameParser'
      3|
      4| describe('extractDeviceFrames', () => {
       | ^
      5|   it('handles list of frame dicts', () => {
      6|     const payload = [

⎯⎯⎯⎯⎯⎯⎯⎯⎯⎯⎯⎯⎯⎯⎯⎯⎯⎯⎯⎯⎯⎯⎯[8/16]⎯

 FAIL  src/__tests__/liveDataStore.test.ts [ src/__tests__/liveDataStore.test.ts ]
TypeError: Cannot read properties of undefined (reading 'config')
 ❯ src/__tests__/liveDataStore.test.ts:16:1
     14| }
     15|
     16| describe('liveDataStore', () => {
       | ^
     17|   beforeEach(() => {
     18|     useLiveDataStore.getState().clearBuffer()

⎯⎯⎯⎯⎯⎯⎯⎯⎯⎯⎯⎯⎯⎯⎯⎯⎯⎯⎯⎯⎯⎯⎯[9/16]⎯

 FAIL  src/__tests__/plateGeometry.test.ts [ src/__tests__/plateGeometry.test.ts ]
TypeError: Cannot read properties of undefined (reading 'config')
 ❯ src/__tests__/plateGeometry.test.ts:4:1
      2| import { mapCellForDevice, mapCellForRotation, invertRotation, getColo…
      3|
      4| describe('mapCellForDevice', () => {
       | ^
      5|   it('mirrors cells for type 06', () => {
      6|     const [r, c] = mapCellForDevice(0, 0, 3, 3, '06')

⎯⎯⎯⎯⎯⎯⎯⎯⎯⎯⎯⎯⎯⎯⎯⎯⎯⎯⎯⎯⎯⎯[10/16]⎯

 FAIL  src/__tests__/sessionStore.test.ts [ src/__tests__/sessionStore.test.ts ]
TypeError: Cannot read properties of undefined (reading 'config')
 ❯ src/__tests__/sessionStore.test.ts:4:1
      2| import { useSessionStore } from '../stores/sessionStore'
      3|
      4| describe('sessionStore', () => {
       | ^
      5|   beforeEach(() => {
      6|     useSessionStore.setState({

⎯⎯⎯⎯⎯⎯⎯⎯⎯⎯⎯⎯⎯⎯⎯⎯⎯⎯⎯⎯⎯⎯[11/16]⎯

 FAIL  src/__tests__/uiStore.test.ts [ src/__tests__/uiStore.test.ts ]
TypeError: Cannot read properties of undefined (reading 'config')
 ❯ src/__tests__/uiStore.test.ts:4:1
      2| import { useUiStore } from '../stores/uiStore'
      3|
      4| describe('uiStore', () => {
       | ^
      5|   beforeEach(() => {
      6|     useUiStore.setState({

⎯⎯⎯⎯⎯⎯⎯⎯⎯⎯⎯⎯⎯⎯⎯⎯⎯⎯⎯⎯⎯⎯[12/16]⎯

 FAIL  src/__tests__/plate3d/cameraController.test.ts [ src/__tests__/plate3d/cameraController.test.ts ]
TypeError: Cannot read properties of undefined (reading 'config')
 ❯ src/__tests__/plate3d/cameraController.test.ts:8:1
      6| }
      7|
      8| describe('CameraController — intro swoop', () => {
       | ^
      9|   beforeEach(() => resetIntroSwoopForTesting())
     10|

⎯⎯⎯⎯⎯⎯⎯⎯⎯⎯⎯⎯⎯⎯⎯⎯⎯⎯⎯⎯⎯⎯[13/16]⎯

 FAIL  src/__tests__/plate3d/cellOverlay.test.ts [ src/__tests__/plate3d/cellOverlay.test.ts ]
TypeError: Cannot read properties of undefined (reading 'config')
 ❯ src/__tests__/plate3d/cellOverlay.test.ts:4:1
      2| import { computeScreenBracket } from '../../components/canvas/plate3d/…
      3|
      4| describe('computeScreenBracket', () => {
       | ^
      5|   it('produces four L-bracket path segments around a rect', () => {
      6|     const brackets = computeScreenBracket({ x: 100, y: 50, w: 200, h: …

⎯⎯⎯⎯⎯⎯⎯⎯⎯⎯⎯⎯⎯⎯⎯⎯⎯⎯⎯⎯⎯⎯[14/16]⎯

 FAIL  src/__tests__/plate3d/cellRaycaster.test.ts [ src/__tests__/plate3d/cellRaycaster.test.ts ]
TypeError: Cannot read properties of undefined (reading 'config')
 ❯ src/__tests__/plate3d/cellRaycaster.test.ts:10:1
      8| const BOUNDS = { minX: -0.2, maxX: 0.2, minZ: -0.15, maxZ: 0.15 }
      9|
     10| describe('hitPointToCanonicalCell', () => {
       | ^
     11|   it('type 07 rotation 0 — top-left corner hit returns (0,0)', () => {
     12|     // In plate-local XZ, minX/minZ is display (0,0). Device 07 is

⎯⎯⎯⎯⎯⎯⎯⎯⎯⎯⎯⎯⎯⎯⎯⎯⎯⎯⎯⎯⎯⎯[15/16]⎯

 FAIL  src/__tests__/plate3d/plateModelCache.test.ts [ src/__tests__/plate3d/plateModelCache.test.ts ]
TypeError: Cannot read properties of undefined (reading 'config')
 ❯ src/__tests__/plate3d/plateModelCache.test.ts:17:1
     15| }
     16|
     17| describe('base64ToFloat32Array', () => {
       | ^
     18|   it('decodes a round-tripped Float32Array', () => {
     19|     const b64 = encodeFloats([1.5, -2.25, 3.0])

⎯⎯⎯⎯⎯⎯⎯⎯⎯⎯⎯⎯⎯⎯⎯⎯⎯⎯⎯⎯⎯⎯[16/16]⎯


 Test Files  16 failed (16)
      Tests  no tests
   Start at  18:34:00
   Duration  1.13s (transform 861ms, setup 0ms, import 0ms, tests 0ms, environment 10.97s)

